[   65889ms] [ERROR] ./components/Header.js:54:83
Parsing ecmascript source code failed
  52 |         >
  53 |           <div className="relative flex h-10 w-10 items-center justify-center">
> 54 |             <Image src="/assets/logo/ferrolink-logo.png" alt="FerroLink" width={} height={40} className="rounded-sm object-contain" />
     |                                                                                   ^^^^^^
  55 |           </div>
  56 |           <div className="flex flex-col">
  57 |             <span className="font-display text-2xl leading-none text-[#E6EDF3] transition-colors group-hover:text-[#E8530E]">

Expected '</', got 'height'

Import trace:
  Server Component:
    ./components/Header.js
    ./app/page.js @ http://localhost:3001/_next/static/chunks/node_modules_next_dist_b0daae9a._.js:2359
[   66303ms] [ERROR] ./components/Header.js:54:83
Parsing ecmascript source code failed
  52 |         >
  53 |           <div className="relative flex h-10 w-10 items-center justify-center">
> 54 |             <Image src="/assets/logo/ferrolink-logo.png" alt="FerroLink" width={} height={40} className="rounded-sm object-contain" />
     |                                                                                   ^^^^^^
  55 |           </div>
  56 |           <div className="flex flex-col">
  57 |             <span className="font-display text-2xl leading-none text-[#E6EDF3] transition-colors group-hover:text-[#E8530E]">

Expected '</', got 'height'

Import trace:
  Server Component:
    ./components/Header.js
    ./app/page.js @ http://localhost:3001/_next/static/chunks/node_modules_next_dist_b0daae9a._.js:2359
[   66381ms] [ERROR] ./components/Header.js:54:83
Parsing ecmascript source code failed
  52 |         >
  53 |           <div className="relative flex h-10 w-10 items-center justify-center">
> 54 |             <Image src="/assets/logo/ferrolink-logo.png" alt="FerroLink" width={} height={40} className="rounded-sm object-contain" />
     |                                                                                   ^^^^^^
  55 |           </div>
  56 |           <div className="flex flex-col">
  57 |             <span className="font-display text-2xl leading-none text-[#E6EDF3] transition-colors group-hover:text-[#E8530E]">

Expected '</', got 'height'

Import trace:
  Server Component:
    ./components/Header.js
    ./app/page.js @ http://localhost:3001/_next/static/chunks/node_modules_next_dist_b0daae9a._.js:2359
[   66429ms] [ERROR] ./components/Header.js:54:83
Parsing ecmascript source code failed
  52 |         >
  53 |           <div className="relative flex h-10 w-10 items-center justify-center">
> 54 |             <Image src="/assets/logo/ferrolink-logo.png" alt="FerroLink" width={} height={40} className="rounded-sm object-contain" />
     |                                                                                   ^^^^^^
  55 |           </div>
  56 |           <div className="flex flex-col">
  57 |             <span className="font-display text-2xl leading-none text-[#E6EDF3] transition-colors group-hover:text-[#E8530E]">

Expected '</', got 'height'

Import trace:
  Server Component:
    ./components/Header.js
    ./app/page.js @ http://localhost:3001/_next/static/chunks/node_modules_next_dist_b0daae9a._.js:2359
[   66482ms] [ERROR] ./components/Header.js:54:83
Parsing ecmascript source code failed
  52 |         >
  53 |           <div className="relative flex h-10 w-10 items-center justify-center">
> 54 |             <Image src="/assets/logo/ferrolink-logo.png" alt="FerroLink" width={} height={40} className="rounded-sm object-contain" />
     |                                                                                   ^^^^^^
  55 |           </div>
  56 |           <div className="flex flex-col">
  57 |             <span className="font-display text-2xl leading-none text-[#E6EDF3] transition-colors group-hover:text-[#E8530E]">

Expected '</', got 'height'

Import trace:
  Server Component:
    ./components/Header.js
    ./app/page.js @ http://localhost:3001/_next/static/chunks/node_modules_next_dist_b0daae9a._.js:2359
[   66552ms] [ERROR] ./components/Header.js:54:83
Parsing ecmascript source code failed
  52 |         >
  53 |           <div className="relative flex h-10 w-10 items-center justify-center">
> 54 |             <Image src="/assets/logo/ferrolink-logo.png" alt="FerroLink" width={} height={40} className="rounded-sm object-contain" />
     |                                                                                   ^^^^^^
  55 |           </div>
  56 |           <div className="flex flex-col">
  57 |             <span className="font-display text-2xl leading-none text-[#E6EDF3] transition-colors group-hover:text-[#E8530E]">

Expected '</', got 'height'

Import trace:
  Server Component:
    ./components/Header.js
    ./app/page.js @ http://localhost:3001/_next/static/chunks/node_modules_next_dist_b0daae9a._.js:2359
[   66608ms] [ERROR] ./components/Header.js:54:83
Parsing ecmascript source code failed
  52 |         >
  53 |           <div className="relative flex h-10 w-10 items-center justify-center">
> 54 |             <Image src="/assets/logo/ferrolink-logo.png" alt="FerroLink" width={} height={40} className="rounded-sm object-contain" />
     |                                                                                   ^^^^^^
  55 |           </div>
  56 |           <div className="flex flex-col">
  57 |             <span className="font-display text-2xl leading-none text-[#E6EDF3] transition-colors group-hover:text-[#E8530E]">

Expected '</', got 'height'

Import trace:
  Server Component:
    ./components/Header.js
    ./app/page.js @ http://localhost:3001/_next/static/chunks/node_modules_next_dist_b0daae9a._.js:2359
[   66693ms] [ERROR] ./components/Header.js:54:83
Parsing ecmascript source code failed
  52 |         >
  53 |           <div className="relative flex h-10 w-10 items-center justify-center">
> 54 |             <Image src="/assets/logo/ferrolink-logo.png" alt="FerroLink" width={} height={40} className="rounded-sm object-contain" />
     |                                                                                   ^^^^^^
  55 |           </div>
  56 |           <div className="flex flex-col">
  57 |             <span className="font-display text-2xl leading-none text-[#E6EDF3] transition-colors group-hover:text-[#E8530E]">

Expected '</', got 'height'

Import trace:
  Server Component:
    ./components/Header.js
    ./app/page.js @ http://localhost:3001/_next/static/chunks/node_modules_next_dist_b0daae9a._.js:2359
[   66744ms] [ERROR] ./components/Header.js:54:83
Parsing ecmascript source code failed
  52 |         >
  53 |           <div className="relative flex h-10 w-10 items-center justify-center">
> 54 |             <Image src="/assets/logo/ferrolink-logo.png" alt="FerroLink" width={} height={40} className="rounded-sm object-contain" />
     |                                                                                   ^^^^^^
  55 |           </div>
  56 |           <div className="flex flex-col">
  57 |             <span className="font-display text-2xl leading-none text-[#E6EDF3] transition-colors group-hover:text-[#E8530E]">

Expected '</', got 'height'

Import trace:
  Server Component:
    ./components/Header.js
    ./app/page.js @ http://localhost:3001/_next/static/chunks/node_modules_next_dist_b0daae9a._.js:2359
[   66783ms] [ERROR] ./components/Header.js:54:83
Parsing ecmascript source code failed
  52 |         >
  53 |           <div className="relative flex h-10 w-10 items-center justify-center">
> 54 |             <Image src="/assets/logo/ferrolink-logo.png" alt="FerroLink" width={} height={40} className="rounded-sm object-contain" />
     |                                                                                   ^^^^^^
  55 |           </div>
  56 |           <div className="flex flex-col">
  57 |             <span className="font-display text-2xl leading-none text-[#E6EDF3] transition-colors group-hover:text-[#E8530E]">

Expected '</', got 'height'

Import trace:
  Server Component:
    ./components/Header.js
    ./app/page.js @ http://localhost:3001/_next/static/chunks/node_modules_next_dist_b0daae9a._.js:2359
[   66825ms] [ERROR] ./components/Header.js:54:83
Parsing ecmascript source code failed
  52 |         >
  53 |           <div className="relative flex h-10 w-10 items-center justify-center">
> 54 |             <Image src="/assets/logo/ferrolink-logo.png" alt="FerroLink" width={} height={40} className="rounded-sm object-contain" />
     |                                                                                   ^^^^^^
  55 |           </div>
  56 |           <div className="flex flex-col">
  57 |             <span className="font-display text-2xl leading-none text-[#E6EDF3] transition-colors group-hover:text-[#E8530E]">

Expected '</', got 'height'

Import trace:
  Server Component:
    ./components/Header.js
    ./app/page.js @ http://localhost:3001/_next/static/chunks/node_modules_next_dist_b0daae9a._.js:2359
[   66861ms] [ERROR] ./components/Header.js:54:83
Parsing ecmascript source code failed
  52 |         >
  53 |           <div className="relative flex h-10 w-10 items-center justify-center">
> 54 |             <Image src="/assets/logo/ferrolink-logo.png" alt="FerroLink" width={} height={40} className="rounded-sm object-contain" />
     |                                                                                   ^^^^^^
  55 |           </div>
  56 |           <div className="flex flex-col">
  57 |             <span className="font-display text-2xl leading-none text-[#E6EDF3] transition-colors group-hover:text-[#E8530E]">

Expected '</', got 'height'

Import trace:
  Server Component:
    ./components/Header.js
    ./app/page.js @ http://localhost:3001/_next/static/chunks/node_modules_next_dist_b0daae9a._.js:2359
[   66896ms] [ERROR] ./components/Header.js:54:83
Parsing ecmascript source code failed
  52 |         >
  53 |           <div className="relative flex h-10 w-10 items-center justify-center">
> 54 |             <Image src="/assets/logo/ferrolink-logo.png" alt="FerroLink" width={} height={40} className="rounded-sm object-contain" />
     |                                                                                   ^^^^^^
  55 |           </div>
  56 |           <div className="flex flex-col">
  57 |             <span className="font-display text-2xl leading-none text-[#E6EDF3] transition-colors group-hover:text-[#E8530E]">

Expected '</', got 'height'

Import trace:
  Server Component:
    ./components/Header.js
    ./app/page.js @ http://localhost:3001/_next/static/chunks/node_modules_next_dist_b0daae9a._.js:2359
[   66942ms] [ERROR] ./components/Header.js:54:83
Parsing ecmascript source code failed
  52 |         >
  53 |           <div className="relative flex h-10 w-10 items-center justify-center">
> 54 |             <Image src="/assets/logo/ferrolink-logo.png" alt="FerroLink" width={} height={40} className="rounded-sm object-contain" />
     |                                                                                   ^^^^^^
  55 |           </div>
  56 |           <div className="flex flex-col">
  57 |             <span className="font-display text-2xl leading-none text-[#E6EDF3] transition-colors group-hover:text-[#E8530E]">

Expected '</', got 'height'

Import trace:
  Server Component:
    ./components/Header.js
    ./app/page.js @ http://localhost:3001/_next/static/chunks/node_modules_next_dist_b0daae9a._.js:2359
[   66980ms] [ERROR] ./components/Header.js:54:83
Parsing ecmascript source code failed
  52 |         >
  53 |           <div className="relative flex h-10 w-10 items-center justify-center">
> 54 |             <Image src="/assets/logo/ferrolink-logo.png" alt="FerroLink" width={} height={40} className="rounded-sm object-contain" />
     |                                                                                   ^^^^^^
  55 |           </div>
  56 |           <div className="flex flex-col">
  57 |             <span className="font-display text-2xl leading-none text-[#E6EDF3] transition-colors group-hover:text-[#E8530E]">

Expected '</', got 'height'

Import trace:
  Server Component:
    ./components/Header.js
    ./app/page.js @ http://localhost:3001/_next/static/chunks/node_modules_next_dist_b0daae9a._.js:2359
[   67025ms] [ERROR] ./components/Header.js:54:83
Parsing ecmascript source code failed
  52 |         >
  53 |           <div className="relative flex h-10 w-10 items-center justify-center">
> 54 |             <Image src="/assets/logo/ferrolink-logo.png" alt="FerroLink" width={} height={40} className="rounded-sm object-contain" />
     |                                                                                   ^^^^^^
  55 |           </div>
  56 |           <div className="flex flex-col">
  57 |             <span className="font-display text-2xl leading-none text-[#E6EDF3] transition-colors group-hover:text-[#E8530E]">

Expected '</', got 'height'

Import trace:
  Server Component:
    ./components/Header.js
    ./app/page.js @ http://localhost:3001/_next/static/chunks/node_modules_next_dist_b0daae9a._.js:2359
[   67462ms] [WARNING] Image with src "/assets/logo/ferrolink-logo.png" has either width or height modified, but not the other. If you use CSS to change the size of your image, also include the styles 'width: "auto"' or 'height: "auto"' to maintain the aspect ratio. @ http://localhost:3001/_next/static/chunks/node_modules_next_dist_b0daae9a._.js:968
